[04:31:42] asset :: https://medpsycmoss.com/x/cdn/?https://storage.googleapis.com/production-gator-v1-0-0/000/1170000/Xlwz0WqW/98ddc29956254cf495d28c2faaaf3d22 :: Response.body: Protocol error (Network.getResponseBody): No resource with given identifier found
[04:31:42] asset :: https://medpsycmoss.com/x/cdn/?https://storage.googleapis.com/production-gator-v1-0-4/134/1819134/o4vX20jy/dc92458a78f649b7a113efabd0e6cafb :: Response.body: Protocol error (Network.getResponseBody): No resource with given identifier found
[04:31:42] asset :: https://medpsycmoss.com/x/cdn/?https://storage.googleapis.com/production-gator-v1-0-0/000/1170000/Xlwz0WqW/c4bfa78b671d4f7bb0377d6edfd75e32 :: Response.body: Protocol error (Network.getResponseBody): No resource with given identifier found
[04:31:42] asset :: https://medpsycmoss.com/x/cdn/?https://storage.googleapis.com/production-gator-v1-0-0/000/1170000/Xlwz0WqW/8ef24af3bd534d17b4a49a100ef3da01 :: Response.body: Protocol error (Network.getResponseBody): No resource with given identifier found
[04:31:42] asset :: https://medpsycmoss.com/x/cdn/?https://storage.googleapis.com/production-gator-v1-0-0/000/1170000/Xlwz0WqW/55f14069069548cbbeff0190c0f015a5 :: Response.body: Protocol error (Network.getResponseBody): No resource with given identifier found
[04:31:42] asset :: https://medpsycmoss.com/x/cdn/?https://storage.googleapis.com/production-gator-v1-0-0/000/1170000/Xlwz0WqW/398af76820b84604aa828f1eec58169b :: Response.body: Protocol error (Network.getResponseBody): No resource with given identifier found
[04:41:53] asset :: https://awas.aweber-static.com/images/wfg/drop-bottomLeft.png :: Response.body: Protocol error (Network.getResponseBody): No resource with given identifier found
[04:41:53] asset :: https://awas.aweber-static.com/images/wfg/drop-right.png :: Response.body: Protocol error (Network.getResponseBody): No resource with given identifier found
[04:41:53] asset :: https://awas.aweber-static.com/images/wfg/drop-top.png :: Response.body: Protocol error (Network.getResponseBody): No resource with given identifier found
[04:41:53] asset :: https://awas.aweber-static.com/images/wfg/drop-bottomRight.png :: Response.body: Protocol error (Network.getResponseBody): No resource with given identifier found
[04:41:53] asset :: https://awas.aweber-static.com/images/wfg/drop-topRight.png :: Response.body: Protocol error (Network.getResponseBody): No resource with given identifier found
[04:41:53] asset :: https://awas.aweber-static.com/images/wfg/drop-topLeft.png :: Response.body: Protocol error (Network.getResponseBody): No resource with given identifier found
[04:41:53] asset :: https://awas.aweber-static.com/images/wfg/drop-left.png :: Response.body: Protocol error (Network.getResponseBody): No resource with given identifier found
[04:41:53] asset :: https://awas.aweber-static.com/images/wfg/drop-bottom.png :: Response.body: Protocol error (Network.getResponseBody): No resource with given identifier found
[04:41:53] asset :: https://hostedimages-cdn.aweber-static.com/MzIwNTUy/original/92449c2c0ea140d0a45790efa914c810.png :: Response.body: Protocol error (Network.getResponseBody): No resource with given identifier found
[04:54:22] asset :: https://st-shop.mywebsitebuilder.com/shopping-cart-sdk/sdk.js?instanceJwt=eyJhbGciOiJIUzI1NiIsInR5cCI6IkpXVCJ9.eyJpbnN0YW5jZUlkIjoiZDg0YjYzNjE2MGI4NDE2Nzk1NTRmY2Q3YjczZmEyMjgiLCJicmFuZCI6ImdhdG9yIiwiZXhwIjoxNzg1MTEzNTk1fQ.d76yv0ywJxhXMKJboIPJh-usiWUMyojo5Jurhea7Xpw :: Response.body: Protocol error (Network.getResponseBody): No resource with given identifier found
[04:54:22] asset :: https://i.ytimg.com/vi/_yM7_hbpRXc/sddefault.jpg?sqp=-oaymwEmCIAFEOAD8quKqQMa8AEB-AHOBYAC0AWKAgwIABABGDwgZSglMA8=&rs=AOn4CLA74f5CjvTJisLguG2-xsR2eRVtKA :: Response.body: Protocol error (Network.getResponseBody): No resource with given identifier found
[04:54:22] asset :: https://storage.googleapis.com/production-gator-v1-0-0/000/1170000/Xlwz0WqW/a8f65c4652404520b5310e5e14a756af :: Response.body: Protocol error (Network.getResponseBody): No resource with given identifier found
[04:54:22] asset :: https://medpsycmoss.com/x/cdn/?https://images.unsplash.com/photo-1458312631043-b3ee472ec089?ixlib=rb-1.2.1&q=80&cs=tinysrgb&fm=jpg&crop=entropy :: Response.body: Protocol error (Network.getResponseBody): No resource with given identifier found
[04:54:22] asset :: https://storage.googleapis.com/production-gator-v1-0-0/000/1170000/Xlwz0WqW/b8a641f62a7d44d5b25ea00f16f820ab :: Response.body: Protocol error (Network.getResponseBody): No resource with given identifier found
[04:54:22] asset :: https://storage.googleapis.com/production-gator-v1-0-0/000/1170000/Xlwz0WqW/bf1e15747532473ea282eb41b783f846 :: Response.body: Protocol error (Network.getResponseBody): No resource with given identifier found
[04:54:22] asset :: https://storage.googleapis.com/production-gator-v1-0-0/000/1170000/Xlwz0WqW/3b9cfca559e54506bcc85ca3ca15bfda :: Response.body: Protocol error (Network.getResponseBody): No resource with given identifier found
[04:55:45] asset :: https://medpsycmoss.com/x/cdn/?https://storage.googleapis.com/production-gator-v1-0-0/000/1170000/Xlwz0WqW/f69de6b2a8774afc9e386b0917db8af4 :: Response.body: Protocol error (Network.getResponseBody): No resource with given identifier found
[04:55:45] asset :: https://st-shop.mywebsitebuilder.com/shopping-cart-sdk/sdk.js?instanceJwt=eyJhbGciOiJIUzI1NiIsInR5cCI6IkpXVCJ9.eyJpbnN0YW5jZUlkIjoiZDg0YjYzNjE2MGI4NDE2Nzk1NTRmY2Q3YjczZmEyMjgiLCJicmFuZCI6ImdhdG9yIiwiZXhwIjoxNzg1MTEzNjY1fQ.IuG2J95MH1_i9fK7FzF5RWjNXRrYcBgns1IkCEhkcGw :: Response.body: Protocol error (Network.getResponseBody): No resource with given identifier found
[04:55:45] asset :: https://i.ytimg.com/vi/orwTfLE1bK0/maxresdefault.jpg :: Response.body: Protocol error (Network.getResponseBody): No resource with given identifier found
[04:55:45] asset :: https://storage.googleapis.com/production-gator-v1-0-0/000/1170000/Xlwz0WqW/f69de6b2a8774afc9e386b0917db8af4 :: Response.body: Protocol error (Network.getResponseBody): No resource with given identifier found
[04:55:45] asset :: https://storage.googleapis.com/production-gator-v1-0-0/000/1170000/Xlwz0WqW/6a07d1ea6cde460581aa7fca2e9a0a3e :: Response.body: Protocol error (Network.getResponseBody): No resource with given identifier found
[04:55:45] asset :: https://storage.googleapis.com/production-gator-v1-0-0/000/1170000/Xlwz0WqW/68e4378b88404c048a0fe6dd88265e26 :: Response.body: Protocol error (Network.getResponseBody): No resource with given identifier found
[04:55:45] asset :: https://storage.googleapis.com/production-gator-v1-0-0/000/1170000/Xlwz0WqW/4317519cc7fe4ea2a42092fa1e373b86 :: Response.body: Protocol error (Network.getResponseBody): No resource with given identifier found
[04:55:45] asset :: https://storage.googleapis.com/production-gator-v1-0-0/000/1170000/Xlwz0WqW/1a9d17d978dd44aa83320bf1a52dd099 :: Response.body: Protocol error (Network.getResponseBody): No resource with given identifier found
[04:55:45] asset :: https://storage.googleapis.com/production-gator-v1-0-0/000/1170000/Xlwz0WqW/307a1bd868f740b58c0d0beaab6b797e :: Response.body: Protocol error (Network.getResponseBody): No resource with given identifier found
[04:55:45] asset :: https://storage.googleapis.com/production-gator-v1-0-0/000/1170000/Xlwz0WqW/aba9f6a7a39e49caa32eff4b8c074292 :: Response.body: Protocol error (Network.getResponseBody): No resource with given identifier found
[04:56:52] asset :: https://st-shop.mywebsitebuilder.com/shopping-cart-sdk/sdk.js?instanceJwt=eyJhbGciOiJIUzI1NiIsInR5cCI6IkpXVCJ9.eyJpbnN0YW5jZUlkIjoiZDg0YjYzNjE2MGI4NDE2Nzk1NTRmY2Q3YjczZmEyMjgiLCJicmFuZCI6ImdhdG9yIiwiZXhwIjoxNzg1MTEzNzQ3fQ.L-RktjkmcEFc83QqnGuUgrFZjoMvmWLYpW_SY5lPK8o :: Response.body: Protocol error (Network.getResponseBody): No resource with given identifier found
[04:56:52] asset :: https://medpsycmoss.com/x/cdn/?https://storage.googleapis.com/production-gator-v1-0-0/000/1170000/Xlwz0WqW/18125e96d8344641965bbc71159282f0 :: Response.body: Protocol error (Network.getResponseBody): No resource with given identifier found
[04:56:52] asset :: https://i.ytimg.com/vi_webp/y3QIY-rxxIA/sddefault.webp :: Response.body: Protocol error (Network.getResponseBody): No resource with given identifier found
[04:56:52] asset :: https://www.google.com/js/th/kLyw4TSXgabfeBk6i8qABF8WdxcIDcKWB5kdVaJ3gDk.js :: Response.body: Protocol error (Network.getResponseBody): No resource with given identifier found
[04:56:52] asset :: https://storage.googleapis.com/production-gator-v1-0-0/000/1170000/Xlwz0WqW/ed13bf75786f4846b44de6e423dc4056 :: Response.body: Protocol error (Network.getResponseBody): No resource with given identifier found
[05:00:44] asset :: https://st-shop.mywebsitebuilder.com/shopping-cart-sdk/sdk.js?instanceJwt=eyJhbGciOiJIUzI1NiIsInR5cCI6IkpXVCJ9.eyJpbnN0YW5jZUlkIjoiZDg0YjYzNjE2MGI4NDE2Nzk1NTRmY2Q3YjczZmEyMjgiLCJicmFuZCI6ImdhdG9yIiwiZXhwIjoxNzg1MTEzOTU3fQ.W-jR4qZRD3CS6z0g7Cf15u8lp7Jid9VnuFPXl5Ywhlc :: Response.body: Protocol error (Network.getResponseBody): No resource with given identifier found
[05:00:44] asset :: https://storage.googleapis.com/production-gator-v1-0-0/000/1170000/Xlwz0WqW/28944bb448f049afb63a5cce809fc37e :: Response.body: Protocol error (Network.getResponseBody): No resource with given identifier found
[05:00:44] asset :: https://storage.googleapis.com/production-gator-v1-0-0/000/1170000/Xlwz0WqW/c75d213ac16d4fb7ada796f14e3f7cbf :: Response.body: Protocol error (Network.getResponseBody): No resource with given identifier found
[05:00:44] asset :: https://medpsycmoss.com/x/cdn/?https://storage.googleapis.com/production-gator-v1-0-0/000/1170000/Xlwz0WqW/8278871da4b8428989417a596bcf06bb :: Response.body: Protocol error (Network.getResponseBody): No resource with given identifier found
[05:00:44] asset :: https://i.ytimg.com/vi_webp/WIgv2Rpgwvc/sddefault.webp :: Response.body: Protocol error (Network.getResponseBody): No resource with given identifier found
[05:00:44] asset :: https://storage.googleapis.com/production-gator-v1-0-0/000/1170000/Xlwz0WqW/9a59e6a68709488b91751ed68da8dc01 :: Response.body: Protocol error (Network.getResponseBody): No resource with given identifier found
[05:00:44] asset :: https://storage.googleapis.com/production-gator-v1-0-0/000/1170000/Xlwz0WqW/240bf52cae95438cbe3f10dce1c5297a :: Response.body: Protocol error (Network.getResponseBody): No resource with given identifier found
[05:00:44] asset :: https://storage.googleapis.com/production-gator-v1-0-0/000/1170000/Xlwz0WqW/b46565bbc89f41b0a1dffaaa320738cd :: Response.body: Protocol error (Network.getResponseBody): No resource with given identifier found
[05:00:44] asset :: https://storage.googleapis.com/production-gator-v1-0-0/000/1170000/Xlwz0WqW/8d51b23fe32745189650a6e065ca4a1e :: Response.body: Protocol error (Network.getResponseBody): No resource with given identifier found
[05:00:44] asset :: https://storage.googleapis.com/production-gator-v1-0-0/000/1170000/Xlwz0WqW/e007e68831254be181f6279ce4803ed1 :: Response.body: Protocol error (Network.getResponseBody): No resource with given identifier found
[05:00:44] asset :: https://storage.googleapis.com/production-gator-v1-0-0/000/1170000/Xlwz0WqW/3d7ac669ac904809aa5e9aee30d6159a :: Response.body: Protocol error (Network.getResponseBody): No resource with given identifier found
[05:00:44] asset :: https://storage.googleapis.com/production-gator-v1-0-0/000/1170000/Xlwz0WqW/e140b96536c54a079ee08edde41d20dd :: Response.body: Protocol error (Network.getResponseBody): No resource with given identifier found
[05:00:44] asset :: https://storage.googleapis.com/production-gator-v1-0-0/000/1170000/Xlwz0WqW/4c11b79f0f5844398fdbb31fedc1d936 :: Response.body: Protocol error (Network.getResponseBody): No resource with given identifier found
[05:00:44] asset :: https://storage.googleapis.com/production-gator-v1-0-0/000/1170000/Xlwz0WqW/759f749439e34156b21200f3e89ea0c2 :: Response.body: Protocol error (Network.getResponseBody): No resource with given identifier found
[05:00:44] asset :: https://storage.googleapis.com/production-gator-v1-0-0/000/1170000/Xlwz0WqW/3b1c321fcd15445fb23f2c4fc9342f2a :: Response.body: Protocol error (Network.getResponseBody): No resource with given identifier found
[05:00:44] asset :: https://storage.googleapis.com/production-gator-v1-0-0/000/1170000/Xlwz0WqW/742fbe5428f5482ba19a7ec21a3abfa0 :: Response.body: Protocol error (Network.getResponseBody): No resource with given identifier found
[05:00:44] asset :: https://storage.googleapis.com/production-gator-v1-0-0/000/1170000/Xlwz0WqW/c8e76eac523e4083ad1dff9a8207f88e :: Response.body: Protocol error (Network.getResponseBody): No resource with given identifier found
[05:00:44] asset :: https://storage.googleapis.com/production-gator-v1-0-0/000/1170000/Xlwz0WqW/fd34451c899b40afb1aebe020d745dc6 :: Response.body: Protocol error (Network.getResponseBody): No resource with given identifier found
[05:00:44] asset :: https://storage.googleapis.com/production-gator-v1-0-0/000/1170000/Xlwz0WqW/84b039c3d8db4f44830931402a4cb9a4 :: Response.body: Protocol error (Network.getResponseBody): No resource with given identifier found
[05:00:44] asset :: https://storage.googleapis.com/production-gator-v1-0-0/000/1170000/Xlwz0WqW/0602898a1ab8463d8e5b87cc1e401a79 :: Response.body: Protocol error (Network.getResponseBody): No resource with given identifier found
[05:00:44] asset :: https://storage.googleapis.com/production-gator-v1-0-0/000/1170000/Xlwz0WqW/6ab1692b971f4238abe3af067a5cd7df :: Response.body: Protocol error (Network.getResponseBody): No resource with given identifier found
[05:00:44] asset :: https://storage.googleapis.com/production-gator-v1-0-0/000/1170000/Xlwz0WqW/4d3573ab565e40e893172765e31427ce :: Response.body: Protocol error (Network.getResponseBody): No resource with given identifier found
[05:00:44] asset :: https://storage.googleapis.com/production-gator-v1-0-0/000/1170000/Xlwz0WqW/6387ea3cff29484d87514ad456477b00 :: Response.body: Protocol error (Network.getResponseBody): No resource with given identifier found
[05:00:44] asset :: https://storage.googleapis.com/production-gator-v1-0-0/000/1170000/Xlwz0WqW/cdd2338bdeb24d739a72b0d1c6ffa529 :: Response.body: Protocol error (Network.getResponseBody): No resource with given identifier found
[05:00:44] asset :: https://storage.googleapis.com/production-gator-v1-0-0/000/1170000/Xlwz0WqW/33d9c174ce7b40c788520b37b3459a0b :: Response.body: Protocol error (Network.getResponseBody): No resource with given identifier found
[05:01:53] asset :: https://st-shop.mywebsitebuilder.com/shopping-cart-sdk/sdk.js?instanceJwt=eyJhbGciOiJIUzI1NiIsInR5cCI6IkpXVCJ9.eyJpbnN0YW5jZUlkIjoiZDg0YjYzNjE2MGI4NDE2Nzk1NTRmY2Q3YjczZmEyMjgiLCJicmFuZCI6ImdhdG9yIiwiZXhwIjoxNzg1MTE0MDQ2fQ.zBse103j_V0CSiLTqD5QqQSKhdB8ui-Amsf5RggVo5A :: Response.body: Protocol error (Network.getResponseBody): No resource with given identifier found
[05:01:53] asset :: https://medpsycmoss.com/x/cdn/?https://storage.googleapis.com/production-gator-v1-0-0/000/1170000/Xlwz0WqW/1b9627505b124d4681f04f0b0beec260 :: Response.body: Protocol error (Network.getResponseBody): No resource with given identifier found
[05:01:53] asset :: https://i.ytimg.com/vi/-s4If2lDgvE/sddefault.jpg :: Response.body: Protocol error (Network.getResponseBody): No resource with given identifier found
[05:01:53] asset :: https://storage.googleapis.com/production-gator-v1-0-0/000/1170000/Xlwz0WqW/2471b13dfb504725b5b0677152d7582f :: Response.body: Protocol error (Network.getResponseBody): No resource with given identifier found
[05:01:53] asset :: https://storage.googleapis.com/production-gator-v1-0-0/000/1170000/Xlwz0WqW/9f3c2f2f37e94d8cafeb04ac37bc6b20 :: Response.body: Protocol error (Network.getResponseBody): No resource with given identifier found
[05:01:53] asset :: https://storage.googleapis.com/production-gator-v1-0-0/000/1170000/Xlwz0WqW/ddfae81ed4484f1781e71b248515b202 :: Response.body: Protocol error (Network.getResponseBody): No resource with given identifier found
[05:01:53] asset :: https://storage.googleapis.com/production-gator-v1-0-0/000/1170000/Xlwz0WqW/3014d0ae165a4e96b2dad7f9ad1702a0 :: Response.body: Protocol error (Network.getResponseBody): No resource with given identifier found
[05:01:53] asset :: https://storage.googleapis.com/production-gator-v1-0-0/000/1170000/Xlwz0WqW/869af7c980d34465b18b190d3154799e :: Response.body: Protocol error (Network.getResponseBody): No resource with given identifier found
[05:03:39] asset :: https://st-shop.mywebsitebuilder.com/shopping-cart-sdk/sdk.js?instanceJwt=eyJhbGciOiJIUzI1NiIsInR5cCI6IkpXVCJ9.eyJpbnN0YW5jZUlkIjoiZDg0YjYzNjE2MGI4NDE2Nzk1NTRmY2Q3YjczZmEyMjgiLCJicmFuZCI6ImdhdG9yIiwiZXhwIjoxNzg1MTE0MTM2fQ.zRRR6FlujjoJeAQ8pUqtqoLC0uMRJlOVzxya5HKhggE :: Response.body: Protocol error (Network.getResponseBody): No resource with given identifier found
[05:03:39] asset :: https://storage.googleapis.com/production-gator-v1-0-0/000/1170000/Xlwz0WqW/364be9b620d24589a1d844c0eb5bce87 :: Response.body: Protocol error (Network.getResponseBody): No resource with given identifier found
[05:03:39] asset :: https://i.ytimg.com/vi_webp/MaOdIZpGmWo/sddefault.webp :: Response.body: Protocol error (Network.getResponseBody): No resource with given identifier found
[05:03:39] asset :: https://i.ytimg.com/vi/eg1AuQsj3gc/maxresdefault.jpg :: Response.body: Protocol error (Network.getResponseBody): No resource with given identifier found
[05:03:39] asset :: https://i.ytimg.com/vi_webp/UtWlgnK6vso/sddefault.webp :: Response.body: Protocol error (Network.getResponseBody): No resource with given identifier found
[05:03:39] asset :: https://www.google.com/js/th/cQDswops0BEC-Am5Fi7XsSjrAV8D43yrXFJy2BvTvCA.js :: Response.body: Protocol error (Network.getResponseBody): No resource with given identifier found
[05:03:39] asset :: https://storage.googleapis.com/production-gator-v1-0-0/000/1170000/Xlwz0WqW/5666e5483c134f1db98a08bd82f8085a :: Response.body: Protocol error (Network.getResponseBody): No resource with given identifier found
[05:03:39] asset :: https://storage.googleapis.com/production-gator-v1-0-0/000/1170000/Xlwz0WqW/b4246431f8104e9d91b8fce0204028da :: Response.body: Protocol error (Network.getResponseBody): No resource with given identifier found
[05:03:39] asset :: https://storage.googleapis.com/production-gator-v1-0-0/000/1170000/Xlwz0WqW/642ec42430fe42f69d77d24bcc375b7c :: Response.body: Protocol error (Network.getResponseBody): No resource with given identifier found
[05:03:39] asset :: https://storage.googleapis.com/production-gator-v1-0-4/134/1819134/o4vX20jy/5599a491a9754b6ba14a0a9187870d98 :: Response.body: Protocol error (Network.getResponseBody): No resource with given identifier found
[05:06:58] asset :: https://st-shop.mywebsitebuilder.com/shopping-cart-sdk/sdk.js?instanceJwt=eyJhbGciOiJIUzI1NiIsInR5cCI6IkpXVCJ9.eyJpbnN0YW5jZUlkIjoiZDg0YjYzNjE2MGI4NDE2Nzk1NTRmY2Q3YjczZmEyMjgiLCJicmFuZCI6ImdhdG9yIiwiZXhwIjoxNzg1MTE0MzM0fQ.lZQcOIuKWrp2jxoLGP7G5zxyJy7l3GHjEufWdpPD2Fg :: Response.body: Protocol error (Network.getResponseBody): No resource with given identifier found
[05:06:58] asset :: https://storage.googleapis.com/production-gator-v1-0-0/000/1170000/Xlwz0WqW/a4ccd3ff33194ebfb4e2969325a5b95a :: Response.body: Protocol error (Network.getResponseBody): No resource with given identifier found
[05:06:58] asset :: https://i.ytimg.com/vi_webp/71nlaR-ji40/sddefault.webp :: Response.body: Protocol error (Network.getResponseBody): No resource with given identifier found
[05:06:58] asset :: https://i.ytimg.com/vi/u4rQd7YWRyc/sddefault.jpg :: Response.body: Protocol error (Network.getResponseBody): No resource with given identifier found
[05:06:58] asset :: https://i.ytimg.com/vi/B19kMXsM7-U/sddefault.jpg :: Response.body: Protocol error (Network.getResponseBody): No resource with given identifier found
[05:06:58] asset :: https://storage.googleapis.com/production-gator-v1-0-0/000/1170000/Xlwz0WqW/f1cf308c66bd43849ffbf695ddab30ad :: Response.body: Protocol error (Network.getResponseBody): No resource with given identifier found
[05:06:58] asset :: https://storage.googleapis.com/production-gator-v1-0-0/000/1170000/Xlwz0WqW/0c8f5530648e4e019792890f536275ee :: Response.body: Protocol error (Network.getResponseBody): No resource with given identifier found
[05:06:58] asset :: https://storage.googleapis.com/production-gator-v1-0-0/000/1170000/Xlwz0WqW/3256349fb6cd45088be99d7faf74a637 :: Response.body: Protocol error (Network.getResponseBody): No resource with given identifier found
[05:06:58] asset :: https://storage.googleapis.com/production-gator-v1-0-0/000/1170000/Xlwz0WqW/805ba22d53b24e4ab35425d811d08d82 :: Response.body: Protocol error (Network.getResponseBody): No resource with given identifier found
[05:06:58] asset :: https://storage.googleapis.com/production-gator-v1-0-0/000/1170000/Xlwz0WqW/88608bf346574aa398a226fb14940207 :: Response.body: Protocol error (Network.getResponseBody): No resource with given identifier found
[05:06:58] asset :: https://storage.googleapis.com/production-gator-v1-0-0/000/1170000/Xlwz0WqW/32662f5330524261aef86ae269f33504 :: Response.body: Protocol error (Network.getResponseBody): No resource with given identifier found
[05:06:58] asset :: https://storage.googleapis.com/production-gator-v1-0-0/000/1170000/Xlwz0WqW/3aaa94bcdbe248a7a2185adfb8588371 :: Response.body: Protocol error (Network.getResponseBody): No resource with given identifier found
[05:06:58] asset :: https://storage.googleapis.com/production-gator-v1-0-0/000/1170000/Xlwz0WqW/6afd912bf9ac4e9d889fa98f2ef25401 :: Response.body: Protocol error (Network.getResponseBody): No resource with given identifier found
[05:06:58] asset :: https://storage.googleapis.com/production-gator-v1-0-0/000/1170000/Xlwz0WqW/a99905d7df474628a0576bea6a3513d5 :: Response.body: Protocol error (Network.getResponseBody): No resource with given identifier found
[05:06:58] asset :: https://storage.googleapis.com/production-gator-v1-0-4/134/1819134/o4vX20jy/2b9a6b4497ed4a03a9ddd46209890a44 :: Response.body: Protocol error (Network.getResponseBody): No resource with given identifier found
[05:06:58] asset :: https://storage.googleapis.com/production-gator-v1-0-0/000/1170000/Xlwz0WqW/7f396edeb2ef44f1b5a6436cd44ea0ff :: Response.body: Protocol error (Network.getResponseBody): No resource with given identifier found
[05:06:58] asset :: https://storage.googleapis.com/production-gator-v1-0-0/000/1170000/Xlwz0WqW/02ec2f435543451696a5cd387d16c4f2 :: Response.body: Protocol error (Network.getResponseBody): No resource with given identifier found
[05:06:58] asset :: https://storage.googleapis.com/production-gator-v1-0-4/134/1819134/o4vX20jy/d8173bf30c924e5a9621614d44d0b370 :: Response.body: Protocol error (Network.getResponseBody): No resource with given identifier found
[05:06:58] asset :: https://storage.googleapis.com/production-gator-v1-0-0/000/1170000/Xlwz0WqW/939293a918b243a786d8a878fa347101 :: Response.body: Protocol error (Network.getResponseBody): No resource with given identifier found
[05:06:58] asset :: https://storage.googleapis.com/production-gator-v1-0-0/000/1170000/Xlwz0WqW/71d58d6bb2714980aa1540f84085ebd4 :: Response.body: Protocol error (Network.getResponseBody): No resource with given identifier found
[05:08:21] asset :: https://st-shop.mywebsitebuilder.com/shopping-cart-sdk/sdk.js?instanceJwt=eyJhbGciOiJIUzI1NiIsInR5cCI6IkpXVCJ9.eyJpbnN0YW5jZUlkIjoiZDg0YjYzNjE2MGI4NDE2Nzk1NTRmY2Q3YjczZmEyMjgiLCJicmFuZCI6ImdhdG9yIiwiZXhwIjoxNzg1MTE0NDIwfQ.mkSKw6diaXOsmQg0ZNhDuSCTSdF4ZNS-NFhyY3ziL1s :: Response.body: Protocol error (Network.getResponseBody): No resource with given identifier found
[05:08:21] asset :: https://medpsycmoss.com/x/cdn/?https://storage.googleapis.com/production-gator-v1-0-4/134/1819134/o4vX20jy/78bdef9087744687aadddc5a503c996d :: Response.body: Protocol error (Network.getResponseBody): No resource with given identifier found
[05:08:21] asset :: https://i.ytimg.com/vi/U7295BL9mcI/sddefault.jpg :: Response.body: Protocol error (Network.getResponseBody): No resource with given identifier found
[05:08:21] asset :: https://i.ytimg.com/vi_webp/J9b-WeP15iw/sddefault.webp :: Response.body: Protocol error (Network.getResponseBody): No resource with given identifier found
[05:08:21] asset :: https://www.google.com/js/th/01AiCETFFd6JcPNvLAmNzIcaK3IQuU1nW0oz_tCEHBk.js :: Response.body: Protocol error (Network.getResponseBody): No resource with given identifier found
[05:08:21] asset :: https://i.ytimg.com/vi_webp/8G9DoF2oeqE/sddefault.webp :: Response.body: Protocol error (Network.getResponseBody): No resource with given identifier found
[05:08:21] asset :: https://storage.googleapis.com/production-gator-v1-0-0/000/1170000/Xlwz0WqW/cef27d1ace5246bbbbce9e429c99ac48 :: Response.body: Protocol error (Network.getResponseBody): No resource with given identifier found
[05:08:21] asset :: https://storage.googleapis.com/production-gator-v1-0-0/000/1170000/Xlwz0WqW/a973f17ba2834659824150634a7d23d9 :: Response.body: Protocol error (Network.getResponseBody): No resource with given identifier found
[05:09:54] asset :: https://st-shop.mywebsitebuilder.com/shopping-cart-sdk/sdk.js?instanceJwt=eyJhbGciOiJIUzI1NiIsInR5cCI6IkpXVCJ9.eyJpbnN0YW5jZUlkIjoiZDg0YjYzNjE2MGI4NDE2Nzk1NTRmY2Q3YjczZmEyMjgiLCJicmFuZCI6ImdhdG9yIiwiZXhwIjoxNzg1MTE0NTI3fQ.oZfHa_nkMaWHlww420kZLNgWn0-Qk22xTtqxRM2pfZY :: Response.body: Protocol error (Network.getResponseBody): No resource with given identifier found
[05:09:54] asset :: https://medpsycmoss.com/x/cdn/?https://images.unsplash.com/photo-1565688534245-05d6b5be184a?ixlib=rb-4.0.3&q=85&fm=jpg&crop=entropy&cs=srgb :: Response.body: Protocol error (Network.getResponseBody): No resource with given identifier found
[05:09:54] asset :: https://storage.googleapis.com/production-gator-v1-0-0/000/1170000/Xlwz0WqW/f9deb28499ec41cc84cdd1ba50d06b7e :: Response.body: Protocol error (Network.getResponseBody): No resource with given identifier found
[05:09:54] asset :: https://i.ytimg.com/vi_webp/elsGzpI5mCk/sddefault.webp :: Response.body: Protocol error (Network.getResponseBody): No resource with given identifier found
[05:09:54] asset :: https://i.ytimg.com/vi_webp/NcU1BnsNoOQ/sddefault.webp :: Response.body: Protocol error (Network.getResponseBody): No resource with given identifier found
[05:09:54] asset :: https://storage.googleapis.com/production-gator-v1-0-0/000/1170000/Xlwz0WqW/c838fb5bb4004cdfb95289d477879481 :: Response.body: Protocol error (Network.getResponseBody): No resource with given identifier found
[05:09:54] asset :: https://storage.googleapis.com/production-gator-v1-0-0/000/1170000/Xlwz0WqW/641806ebb0cd4606ae8218828da5626e :: Response.body: Protocol error (Network.getResponseBody): No resource with given identifier found
[05:09:54] asset :: https://storage.googleapis.com/production-gator-v1-0-0/000/1170000/Xlwz0WqW/379ab4e3e9c34b17a57c716ed42cdc5a :: Response.body: Protocol error (Network.getResponseBody): No resource with given identifier found
[05:11:04] asset :: https://st-shop.mywebsitebuilder.com/shopping-cart-sdk/sdk.js?instanceJwt=eyJhbGciOiJIUzI1NiIsInR5cCI6IkpXVCJ9.eyJpbnN0YW5jZUlkIjoiZDg0YjYzNjE2MGI4NDE2Nzk1NTRmY2Q3YjczZmEyMjgiLCJicmFuZCI6ImdhdG9yIiwiZXhwIjoxNzg1MTE0NTk3fQ.6pm7BmSzH3ZKTHGOaCyqfLsBlE5-RXzf50820x5zaag :: Response.body: Protocol error (Network.getResponseBody): No resource with given identifier found
[05:11:04] asset :: https://storage.googleapis.com/production-gator-v1-0-4/134/1819134/o4vX20jy/eff40ee93c4e4d8180428b2f22c37092 :: Response.body: Protocol error (Network.getResponseBody): No resource with given identifier found
[05:11:04] asset :: https://i.ytimg.com/vi/7_G4e9oFbM8/maxresdefault.jpg :: Response.body: Protocol error (Network.getResponseBody): No resource with given identifier found
[05:11:04] asset :: https://i.ytimg.com/vi/XXFxN4M_Cw8/sddefault.jpg :: Response.body: Protocol error (Network.getResponseBody): No resource with given identifier found
[05:11:04] asset :: https://i.ytimg.com/vi_webp/78LWwJjDA0g/sddefault.webp :: Response.body: Protocol error (Network.getResponseBody): No resource with given identifier found
[05:11:04] asset :: https://storage.googleapis.com/production-gator-v1-0-4/134/1819134/o4vX20jy/4ec8f764a07d48c7979f42ca150de89b :: Response.body: Protocol error (Network.getResponseBody): No resource with given identifier found
[05:11:04] asset :: https://storage.googleapis.com/production-gator-v1-0-0/000/1170000/Xlwz0WqW/8d36743e5e5c49c1a57b76646557d2d0 :: Response.body: Protocol error (Network.getResponseBody): No resource with given identifier found
[05:11:04] asset :: https://storage.googleapis.com/production-gator-v1-0-4/134/1819134/o4vX20jy/9ae9bc9036a94a328591bde977c09e18 :: Response.body: Protocol error (Network.getResponseBody): No resource with given identifier found
[05:33:37] linked-file :: https://medpsycmoss.com/blog/By%20the%20The%20National%20Alliance%20of%20Advocates%20for%20Buprenorphine%20Treatment%20https://www.naabt.org/documents/cows_induction_flow_sheet.pdf :: [WinError 3] The system cannot find the path specified: 'C:\\Users\\Basim\\Documents\\mtf-worker\\medpsycmoss.com\\backup\\assets\\medpsycmoss.com\\blog\\By the The National Alliance of Advocates for Buprenorphine \\www.naabt.org'
